{
  "version": "1.5.0",
  "plugins_used": [
    {
      "name": "ArtifactoryDetector"
    },
    {
      "name": "AWSKeyDetector"
    },
    {
      "name": "AzureStorageKeyDetector"
    },
    {
      "name": "Base64HighEntropyString",
      "limit": 4.5
    },
    {
      "name": "BasicAuthDetector"
    },
    {
      "name": "CloudantDetector"
    },
    {
      "name": "DiscordBotTokenDetector"
    },
    {
      "name": "GitHubTokenDetector"
    },
    {
      "name": "GitLabTokenDetector"
    },
    {
      "name": "HexHighEntropyString",
      "limit": 3.0
    },
    {
      "name": "IbmCloudIamDetector"
    },
    {
      "name": "IbmCosHmacDetector"
    },
    {
      "name": "IPPublicDetector"
    },
    {
      "name": "JwtTokenDetector"
    },
    {
      "name": "KeywordDetector",
      "keyword_exclude": ""
    },
    {
      "name": "MailchimpDetector"
    },
    {
      "name": "NpmDetector"
    },
    {
      "name": "OpenAIDetector"
    },
    {
      "name": "PrivateKeyDetector"
    },
    {
      "name": "PypiTokenDetector"
    },
    {
      "name": "SendGridDetector"
    },
    {
      "name": "SlackDetector"
    },
    {
      "name": "SoftlayerDetector"
    },
    {
      "name": "SquareOAuthDetector"
    },
    {
      "name": "StripeDetector"
    },
    {
      "name": "TelegramBotTokenDetector"
    },
    {
      "name": "TwilioKeyDetector"
    }
  ],
  "filters_used": [
    {
      "path": "detect_secrets.filters.allowlist.is_line_allowlisted"
    },
    {
      "path": "detect_secrets.filters.common.is_baseline_file",
      "filename": ".secrets.baseline"
    },
    {
      "path": "detect_secrets.filters.common.is_ignored_due_to_verification_policies",
      "min_level": 2
    },
    {
      "path": "detect_secrets.filters.heuristic.is_indirect_reference"
    },
    {
      "path": "detect_secrets.filters.heuristic.is_likely_id_string"
    },
    {
      "path": "detect_secrets.filters.heuristic.is_lock_file"
    },
    {
      "path": "detect_secrets.filters.heuristic.is_not_alphanumeric_string"
    },
    {
      "path": "detect_secrets.filters.heuristic.is_potential_uuid"
    },
    {
      "path": "detect_secrets.filters.heuristic.is_prefixed_with_dollar_sign"
    },
    {
      "path": "detect_secrets.filters.heuristic.is_sequential_string"
    },
    {
      "path": "detect_secrets.filters.heuristic.is_swagger_file"
    },
    {
      "path": "detect_secrets.filters.heuristic.is_templated_secret"
    },
    {
      "path": "detect_secrets.filters.regex.should_exclude_file",
      "pattern": [
        "\\.venv",
        "static/tokenlists/.*\\.json",
        "\\.factory/.*"
      ]
    }
  ],
  "results": {
    "src/tests/test_logger.py": [
      {
        "type": "Hex High Entropy String",
        "filename": "src/tests/test_logger.py",
        "hashed_secret": "3aa4dc17e9b3607546f778c778659a2059901f27",
        "is_verified": false,
        "line_number": 36
      }
    ],
    "src/tests/test_params.py": [
      {
        "type": "Hex High Entropy String",
        "filename": "src/tests/test_params.py",
        "hashed_secret": "ebe6be55b3afb0b59df82ba9ea00ebf1876f0858",
        "is_verified": false,
        "line_number": 33
      }
    ],
    "docs/validation/pricing-repair/curve-inventory-parity.json": [
      {
        "type": "Hex High Entropy String",
        "filename": "docs/validation/pricing-repair/curve-inventory-parity.json",
        "hashed_secret": "d0b0a8c5c402782742a7d5dc6db8fd2c1830256a",
        "is_verified": true,
        "line_number": 8,
        "is_secret": false
      }
    ],
    "docs/validation/pricing-repair/historical-pool-discovery-base.json": [
      {
        "type": "Hex High Entropy String",
        "filename": "docs/validation/pricing-repair/historical-pool-discovery-base.json",
        "hashed_secret": "2261aa3422289c80c0dea4e968b91122c707528e",
        "is_verified": true,
        "line_number": 15,
        "is_secret": false
      },
      {
        "type": "Hex High Entropy String",
        "filename": "docs/validation/pricing-repair/historical-pool-discovery-base.json",
        "hashed_secret": "e72b90c8761e13f0666064f8ff864e220d516eb7",
        "is_verified": true,
        "line_number": 26,
        "is_secret": false
      },
      {
        "type": "Hex High Entropy String",
        "filename": "docs/validation/pricing-repair/historical-pool-discovery-base.json",
        "hashed_secret": "a157a308f9ee291ae238bcd153da8dcbf2ebc17e",
        "is_verified": true,
        "line_number": 37,
        "is_secret": false
      },
      {
        "type": "Hex High Entropy String",
        "filename": "docs/validation/pricing-repair/historical-pool-discovery-base.json",
        "hashed_secret": "309197052ef2f7fe060072de86553fcfd5fcb1cd",
        "is_verified": true,
        "line_number": 48,
        "is_secret": false
      },
      {
        "type": "Hex High Entropy String",
        "filename": "docs/validation/pricing-repair/historical-pool-discovery-base.json",
        "hashed_secret": "e9e414cfcd73cb50ed11a5e35a5c20c282c41360",
        "is_verified": true,
        "line_number": 59,
        "is_secret": false
      }
    ],
    "docs/validation/pricing-repair/historical-pool-discovery-ethereum.json": [
      {
        "type": "Hex High Entropy String",
        "filename": "docs/validation/pricing-repair/historical-pool-discovery-ethereum.json",
        "hashed_secret": "2b9f021763046d345685f0b35b87d370cfc07a7a",
        "is_verified": true,
        "line_number": 15,
        "is_secret": false
      },
      {
        "type": "Hex High Entropy String",
        "filename": "docs/validation/pricing-repair/historical-pool-discovery-ethereum.json",
        "hashed_secret": "627d4e54873edf576eb3734cd3a986dc936475fd",
        "is_verified": true,
        "line_number": 26,
        "is_secret": false
      },
      {
        "type": "Hex High Entropy String",
        "filename": "docs/validation/pricing-repair/historical-pool-discovery-ethereum.json",
        "hashed_secret": "2f4f5ad38cacba1f524781edf018169a21734050",
        "is_verified": true,
        "line_number": 37,
        "is_secret": false
      },
      {
        "type": "Hex High Entropy String",
        "filename": "docs/validation/pricing-repair/historical-pool-discovery-ethereum.json",
        "hashed_secret": "37489bd46539d3136dce998b7aa3e92bc34f647c",
        "is_verified": true,
        "line_number": 48,
        "is_secret": false
      }
    ],
    "docs/validation/pricing-repair/native-complete-312.json": [
      {
        "type": "Hex High Entropy String",
        "filename": "docs/validation/pricing-repair/native-complete-312.json",
        "hashed_secret": "8029d1834c12ea560d74556c7d61f1dfdea8c923",
        "is_verified": true,
        "is_secret": false,
        "line_number": 11
      },
      {
        "type": "Hex High Entropy String",
        "filename": "docs/validation/pricing-repair/native-complete-312.json",
        "hashed_secret": "b54add65b488254087237453f68e900865a4b6bb",
        "is_verified": true,
        "is_secret": false,
        "line_number": 13
      },
      {
        "type": "Hex High Entropy String",
        "filename": "docs/validation/pricing-repair/native-complete-312.json",
        "hashed_secret": "44bf8bb56ac91a24942fde5b9bf4feb511df9b0e",
        "is_verified": true,
        "is_secret": false,
        "line_number": 76
      }
    ],
    "docs/validation/pricing-repair/production-first-deployment-assertions.json": [
      {
        "type": "Hex High Entropy String",
        "filename": "docs/validation/pricing-repair/production-first-deployment-assertions.json",
        "hashed_secret": "f37f706c3262538d1840dcf76d564c795756622f",
        "is_verified": true,
        "line_number": 7,
        "is_secret": false
      }
    ],
    "docs/validation/pricing-repair/base-empty-cache-weth-failure.json": [
      {
        "type": "Hex High Entropy String",
        "filename": "docs/validation/pricing-repair/base-empty-cache-weth-failure.json",
        "hashed_secret": "2794eb1129149239dcf302fdba984456ad9dd2dd",
        "is_verified": true,
        "is_secret": false,
        "line_number": 6
      },
      {
        "type": "Hex High Entropy String",
        "filename": "docs/validation/pricing-repair/base-empty-cache-weth-failure.json",
        "hashed_secret": "9c72ea5b0b905a263beb468bdee1f4e86755ba38",
        "is_verified": true,
        "is_secret": false,
        "line_number": 8
      },
      {
        "type": "Hex High Entropy String",
        "filename": "docs/validation/pricing-repair/base-empty-cache-weth-failure.json",
        "hashed_secret": "b64fa8f317d095bd968d23fef192d30cf0307392",
        "is_verified": true,
        "is_secret": false,
        "line_number": 9
      },
      {
        "type": "Hex High Entropy String",
        "filename": "docs/validation/pricing-repair/base-empty-cache-weth-failure.json",
        "hashed_secret": "3bfbe6d51ed16e6657f0bfe547430240742dec9b",
        "is_verified": true,
        "is_secret": false,
        "line_number": 10
      },
      {
        "type": "Hex High Entropy String",
        "filename": "docs/validation/pricing-repair/base-empty-cache-weth-failure.json",
        "hashed_secret": "cc900f0c74872c2439f2cde5c8f0bda094aadee4",
        "is_verified": true,
        "is_secret": false,
        "line_number": 11
      },
      {
        "type": "Hex High Entropy String",
        "filename": "docs/validation/pricing-repair/base-empty-cache-weth-failure.json",
        "hashed_secret": "69085b78edb634c016e60179c83a746cfa6ed9fb",
        "is_verified": true,
        "is_secret": false,
        "line_number": 12
      },
      {
        "type": "Hex High Entropy String",
        "filename": "docs/validation/pricing-repair/base-empty-cache-weth-failure.json",
        "hashed_secret": "28366832ec6bb057b2c1094a5b8afb9d4e579c74",
        "is_verified": true,
        "is_secret": false,
        "line_number": 13
      },
      {
        "type": "Hex High Entropy String",
        "filename": "docs/validation/pricing-repair/base-empty-cache-weth-failure.json",
        "hashed_secret": "e684bce10dc2bbca0c40ac3e3721dcdaa57dfdca",
        "is_verified": true,
        "is_secret": false,
        "line_number": 14
      },
      {
        "type": "Hex High Entropy String",
        "filename": "docs/validation/pricing-repair/base-empty-cache-weth-failure.json",
        "hashed_secret": "1ccdf2dd003c59fd1ad9055aefcb20a42ea687fd",
        "is_verified": true,
        "is_secret": false,
        "line_number": 16
      }
    ]
  },
  "generated_at": "2026-10-01T20:59:05Z"
}
